exports[`Component: Country list should have a classname 1`] = `
<ul
  className="c-list" />
`;

exports[`Component: Country list should render items 1`] = `
<ul
  className="c-list">
  <li
    className="c-list__item">
    <div
      className="c-list__block">
      <h2
        className="c-list__title">
        United Kingdom
      </h2>
      <img
        className="c-list__image"
        src="/assets/country/city.jpg" />
    </div>
  </li>
  <li
    className="c-list__item">
    <div
      className="c-list__block">
      <h2
        className="c-list__title">
        Switzerland
      </h2>
      <img
        className="c-list__image"
        src="/assets/country/switzerlandAlps.jpg" />
    </div>
  </li>
  <li
    className="c-list__item">
    <div
      className="c-list__block">
      <h2
        className="c-list__title">
        Poland
      </h2>
      <img
        className="c-list__image"
        src="/assets/country/krakow.jpg" />
    </div>
  </li>
</ul>
`;

exports[`Component: Country list should render the list 1`] = `
<ul
  className="c-list" />
`;
